users:
  - id: 1
    name: トム
  - id: 2
    name: 次郎
