users:
  - id: 1
    name: Sirou
  - id: 2
    name: Gorou
